// Jest Snapshot v1, https://goo.gl/fbAQLP

exports[`report.error handles "Array of Errors" signature correctly 1`] = `
Object {
  "category": "UNKNOWN",
  "context": Object {
    "sourceMessage": "Message 3 from new Error",
  },
  "docsUrl": "https://gatsby.dev/issue-how-to",
  "error": [Error: Message 3 from new Error],
  "level": "ERROR",
  "stack": Any<Array>,
  "text": "Message 3 from new Error",
  "type": "UNKNOWN",
}
`;

exports[`report.error handles "Error" signature correctly 1`] = `
Object {
  "category": "UNKNOWN",
  "context": Object {
    "sourceMessage": "Message from new Error",
  },
  "docsUrl": "https://gatsby.dev/issue-how-to",
  "error": [Error: Message from new Error],
  "level": "ERROR",
  "stack": Any<Array>,
  "text": "Message from new Error",
  "type": "UNKNOWN",
}
`;

exports[`report.error handles "String" signature correctly 1`] = `
Object {
  "category": "UNKNOWN",
  "context": Object {
    "sourceMessage": "Error created in Jest",
  },
  "docsUrl": "https://gatsby.dev/issue-how-to",
  "level": "ERROR",
  "stack": Any<Array>,
  "text": "Error created in Jest",
  "type": "UNKNOWN",
}
`;

exports[`report.error handles "String, Error" signature correctly 1`] = `
Object {
  "category": "UNKNOWN",
  "context": Object {
    "sourceMessage": "Error string passed to reporter Message from new Error",
  },
  "docsUrl": "https://gatsby.dev/issue-how-to",
  "error": [Error: Message from new Error],
  "level": "ERROR",
  "stack": Any<Array>,
  "text": "Error string passed to reporter Message from new Error",
  "type": "UNKNOWN",
}
`;

exports[`report.error handles "String, Error, pluginName" signature correctly 1`] = `
Object {
  "category": "UNKNOWN",
  "context": Object {
    "sourceMessage": "Error string passed to reporter Message from new Error",
  },
  "docsUrl": "https://gatsby.dev/issue-how-to",
  "error": [Error: Message from new Error],
  "level": "ERROR",
  "pluginName": "gatsby-plugin-foo-bar",
  "stack": Any<Array>,
  "text": "Error string passed to reporter Message from new Error",
  "type": "UNKNOWN",
}
`;

exports[`report.error handles "structuredError" signature correctly 1`] = `
Object {
  "category": "USER",
  "code": "95312",
  "context": Object {
    "undefinedGlobal": "navigator",
  },
  "docsUrl": "https://gatsby.dev/debug-html",
  "level": "ERROR",
  "stack": Any<Array>,
  "text": "\\"navigator\\" is not available during server-side rendering. Enable \\"DEV_SSR\\" to debug this during \\"gatsby develop\\".",
  "type": "HTML.COMPILATION",
}
`;

exports[`report.error uses custom error from errorMap 1`] = `
Object {
  "code": "1337",
  "context": Object {
    "someProp": "test123",
  },
  "docsUrl": "https://www.gatsbyjs.com/docs/gatsby-cli/#new",
  "level": "ERROR",
  "stack": Any<Array>,
  "text": "Error text is test123",
  "type": "PLUGIN",
}
`;

exports[`report.error uses custom error from errorMap with pluginName 1`] = `
Object {
  "code": "gatsby-plugin-foo-bar_1337",
  "context": Object {
    "someProp": "test123",
  },
  "docsUrl": "https://www.gatsbyjs.com/docs/gatsby-cli/#new",
  "level": "ERROR",
  "pluginName": "gatsby-plugin-foo-bar",
  "stack": Any<Array>,
  "text": "Error text is test123",
  "type": "PLUGIN",
}
`;
