// Jest Snapshot v1, https://goo.gl/fbAQLP

exports[`build-headers-program with an assetPrefix 1`] = `"{\\"/*\\":[\\"X-XSS-Protection: 1; mode=block\\",\\"X-Content-Type-Options: nosniff\\",\\"Referrer-Policy: same-origin\\"],\\"/styles.457773932d52d28da380.css\\":[\\"Cache-Control: public, max-age=31536000, immutable\\"],\\"/component---src-pages-index-js-26a67c2d54e22240db63.js.LICENSE.txt\\":[\\"Cache-Control: public, max-age=31536000, immutable\\"],\\"/framework-a41a30b6052f08f79325.js.LICENSE.txt\\":[\\"Cache-Control: public, max-age=31536000, immutable\\"],\\"/polyfill-4718f0fec20e0d09d7f5.js\\":[\\"Cache-Control: public, max-age=31536000, immutable\\"],\\"/app-202e78811fb4d1d6d998.js\\":[\\"Cache-Control: public, max-age=31536000, immutable\\"],\\"/webpack-runtime-18462e4afe5829a83f1b.js\\":[\\"Cache-Control: public, max-age=31536000, immutable\\"],\\"/231-b2d35ff9bb1952aa22d1.js\\":[\\"Cache-Control: public, max-age=31536000, immutable\\"],\\"/711-90491aa56de138c82516.js\\":[\\"Cache-Control: public, max-age=31536000, immutable\\"],\\"/610-d963273663ee496bfa3a.js\\":[\\"Cache-Control: public, max-age=31536000, immutable\\"],\\"/component---src-pages-404-js-d759e3996ab46608f6c5.js\\":[\\"Cache-Control: public, max-age=31536000, immutable\\"],\\"/component---src-pages-index-js-26a67c2d54e22240db63.js\\":[\\"Cache-Control: public, max-age=31536000, immutable\\"],\\"/component---src-pages-page-2-js-83a32ea3ed36467d8d97.js\\":[\\"Cache-Control: public, max-age=31536000, immutable\\"],\\"/component---src-pages-using-ssr-js-e18b033ba44535ce7f46.js\\":[\\"Cache-Control: public, max-age=31536000, immutable\\"],\\"/component---src-pages-using-typescript-tsx-d10dd35a93bae22e7132.js\\":[\\"Cache-Control: public, max-age=31536000, immutable\\"],\\"/component---src-templates-using-dsg-js-481010e9ba77145ad5d4.js\\":[\\"Cache-Control: public, max-age=31536000, immutable\\"],\\"/framework-a41a30b6052f08f79325.js\\":[\\"Cache-Control: public, max-age=31536000, immutable\\"],\\"/commons-c57ec1ecb0a3a896bcbd.js\\":[\\"Cache-Control: public, max-age=31536000, immutable\\"],\\"/polyfill-4718f0fec20e0d09d7f5.js.map\\":[\\"Cache-Control: public, max-age=31536000, immutable\\"],\\"/app-202e78811fb4d1d6d998.js.map\\":[\\"Cache-Control: public, max-age=31536000, immutable\\"],\\"/webpack-runtime-18462e4afe5829a83f1b.js.map\\":[\\"Cache-Control: public, max-age=31536000, immutable\\"],\\"/231-b2d35ff9bb1952aa22d1.js.map\\":[\\"Cache-Control: public, max-age=31536000, immutable\\"],\\"/711-90491aa56de138c82516.js.map\\":[\\"Cache-Control: public, max-age=31536000, immutable\\"],\\"/610-d963273663ee496bfa3a.js.map\\":[\\"Cache-Control: public, max-age=31536000, immutable\\"],\\"/component---src-pages-404-js-d759e3996ab46608f6c5.js.map\\":[\\"Cache-Control: public, max-age=31536000, immutable\\"],\\"/component---src-pages-index-js-26a67c2d54e22240db63.js.map\\":[\\"Cache-Control: public, max-age=31536000, immutable\\"],\\"/component---src-pages-page-2-js-83a32ea3ed36467d8d97.js.map\\":[\\"Cache-Control: public, max-age=31536000, immutable\\"],\\"/component---src-pages-using-ssr-js-e18b033ba44535ce7f46.js.map\\":[\\"Cache-Control: public, max-age=31536000, immutable\\"],\\"/component---src-pages-using-typescript-tsx-d10dd35a93bae22e7132.js.map\\":[\\"Cache-Control: public, max-age=31536000, immutable\\"],\\"/component---src-templates-using-dsg-js-481010e9ba77145ad5d4.js.map\\":[\\"Cache-Control: public, max-age=31536000, immutable\\"],\\"/framework-a41a30b6052f08f79325.js.map\\":[\\"Cache-Control: public, max-age=31536000, immutable\\"],\\"/commons-c57ec1ecb0a3a896bcbd.js.map\\":[\\"Cache-Control: public, max-age=31536000, immutable\\"],\\"/static/*\\":[\\"Cache-Control: public, max-age=31536000, immutable\\"],\\"/sw.js\\":[\\"Cache-Control: public, max-age=0, must-revalidate\\"]}"`;

exports[`build-headers-program with caching headers 1`] = `"{\\"/*\\":[\\"X-XSS-Protection: 1; mode=block\\",\\"X-Content-Type-Options: nosniff\\",\\"Referrer-Policy: same-origin\\",\\"X-Frame-Options: DENY\\"],\\"/styles.457773932d52d28da380.css\\":[\\"Cache-Control: public, max-age=31536000, immutable\\"],\\"/component---src-pages-index-js-26a67c2d54e22240db63.js.LICENSE.txt\\":[\\"Cache-Control: public, max-age=31536000, immutable\\"],\\"/framework-a41a30b6052f08f79325.js.LICENSE.txt\\":[\\"Cache-Control: public, max-age=31536000, immutable\\"],\\"/polyfill-4718f0fec20e0d09d7f5.js\\":[\\"Cache-Control: public, max-age=31536000, immutable\\"],\\"/app-202e78811fb4d1d6d998.js\\":[\\"Cache-Control: public, max-age=31536000, immutable\\"],\\"/webpack-runtime-18462e4afe5829a83f1b.js\\":[\\"Cache-Control: public, max-age=31536000, immutable\\"],\\"/231-b2d35ff9bb1952aa22d1.js\\":[\\"Cache-Control: public, max-age=31536000, immutable\\"],\\"/711-90491aa56de138c82516.js\\":[\\"Cache-Control: public, max-age=31536000, immutable\\"],\\"/610-d963273663ee496bfa3a.js\\":[\\"Cache-Control: public, max-age=31536000, immutable\\"],\\"/component---src-pages-404-js-d759e3996ab46608f6c5.js\\":[\\"Cache-Control: public, max-age=31536000, immutable\\"],\\"/component---src-pages-index-js-26a67c2d54e22240db63.js\\":[\\"Cache-Control: public, max-age=31536000, immutable\\"],\\"/component---src-pages-page-2-js-83a32ea3ed36467d8d97.js\\":[\\"Cache-Control: public, max-age=31536000, immutable\\"],\\"/component---src-pages-using-ssr-js-e18b033ba44535ce7f46.js\\":[\\"Cache-Control: public, max-age=31536000, immutable\\"],\\"/component---src-pages-using-typescript-tsx-d10dd35a93bae22e7132.js\\":[\\"Cache-Control: public, max-age=31536000, immutable\\"],\\"/component---src-templates-using-dsg-js-481010e9ba77145ad5d4.js\\":[\\"Cache-Control: public, max-age=31536000, immutable\\"],\\"/framework-a41a30b6052f08f79325.js\\":[\\"Cache-Control: public, max-age=31536000, immutable\\"],\\"/commons-c57ec1ecb0a3a896bcbd.js\\":[\\"Cache-Control: public, max-age=31536000, immutable\\"],\\"/polyfill-4718f0fec20e0d09d7f5.js.map\\":[\\"Cache-Control: public, max-age=31536000, immutable\\"],\\"/app-202e78811fb4d1d6d998.js.map\\":[\\"Cache-Control: public, max-age=31536000, immutable\\"],\\"/webpack-runtime-18462e4afe5829a83f1b.js.map\\":[\\"Cache-Control: public, max-age=31536000, immutable\\"],\\"/231-b2d35ff9bb1952aa22d1.js.map\\":[\\"Cache-Control: public, max-age=31536000, immutable\\"],\\"/711-90491aa56de138c82516.js.map\\":[\\"Cache-Control: public, max-age=31536000, immutable\\"],\\"/610-d963273663ee496bfa3a.js.map\\":[\\"Cache-Control: public, max-age=31536000, immutable\\"],\\"/component---src-pages-404-js-d759e3996ab46608f6c5.js.map\\":[\\"Cache-Control: public, max-age=31536000, immutable\\"],\\"/component---src-pages-index-js-26a67c2d54e22240db63.js.map\\":[\\"Cache-Control: public, max-age=31536000, immutable\\"],\\"/component---src-pages-page-2-js-83a32ea3ed36467d8d97.js.map\\":[\\"Cache-Control: public, max-age=31536000, immutable\\"],\\"/component---src-pages-using-ssr-js-e18b033ba44535ce7f46.js.map\\":[\\"Cache-Control: public, max-age=31536000, immutable\\"],\\"/component---src-pages-using-typescript-tsx-d10dd35a93bae22e7132.js.map\\":[\\"Cache-Control: public, max-age=31536000, immutable\\"],\\"/component---src-templates-using-dsg-js-481010e9ba77145ad5d4.js.map\\":[\\"Cache-Control: public, max-age=31536000, immutable\\"],\\"/framework-a41a30b6052f08f79325.js.map\\":[\\"Cache-Control: public, max-age=31536000, immutable\\"],\\"/commons-c57ec1ecb0a3a896bcbd.js.map\\":[\\"Cache-Control: public, max-age=31536000, immutable\\"],\\"/static/*\\":[\\"Cache-Control: public, max-age=31536000, immutable\\"],\\"/sw.js\\":[\\"Cache-Control: public, max-age=0, must-revalidate\\"]}"`;

exports[`build-headers-program with manifest['pages-manifest'] 1`] = `"{\\"/*\\":[\\"X-XSS-Protection: 1; mode=block\\",\\"X-Content-Type-Options: nosniff\\",\\"Referrer-Policy: same-origin\\",\\"X-Frame-Options: DENY\\"],\\"/styles.457773932d52d28da380.css\\":[\\"Cache-Control: public, max-age=31536000, immutable\\"],\\"/component---src-pages-index-js-26a67c2d54e22240db63.js.LICENSE.txt\\":[\\"Cache-Control: public, max-age=31536000, immutable\\"],\\"/framework-a41a30b6052f08f79325.js.LICENSE.txt\\":[\\"Cache-Control: public, max-age=31536000, immutable\\"],\\"/polyfill-4718f0fec20e0d09d7f5.js\\":[\\"Cache-Control: public, max-age=31536000, immutable\\"],\\"/app-202e78811fb4d1d6d998.js\\":[\\"Cache-Control: public, max-age=31536000, immutable\\"],\\"/webpack-runtime-18462e4afe5829a83f1b.js\\":[\\"Cache-Control: public, max-age=31536000, immutable\\"],\\"/231-b2d35ff9bb1952aa22d1.js\\":[\\"Cache-Control: public, max-age=31536000, immutable\\"],\\"/711-90491aa56de138c82516.js\\":[\\"Cache-Control: public, max-age=31536000, immutable\\"],\\"/610-d963273663ee496bfa3a.js\\":[\\"Cache-Control: public, max-age=31536000, immutable\\"],\\"/component---src-pages-404-js-d759e3996ab46608f6c5.js\\":[\\"Cache-Control: public, max-age=31536000, immutable\\"],\\"/component---src-pages-index-js-26a67c2d54e22240db63.js\\":[\\"Cache-Control: public, max-age=31536000, immutable\\"],\\"/component---src-pages-page-2-js-83a32ea3ed36467d8d97.js\\":[\\"Cache-Control: public, max-age=31536000, immutable\\"],\\"/component---src-pages-using-ssr-js-e18b033ba44535ce7f46.js\\":[\\"Cache-Control: public, max-age=31536000, immutable\\"],\\"/component---src-pages-using-typescript-tsx-d10dd35a93bae22e7132.js\\":[\\"Cache-Control: public, max-age=31536000, immutable\\"],\\"/component---src-templates-using-dsg-js-481010e9ba77145ad5d4.js\\":[\\"Cache-Control: public, max-age=31536000, immutable\\"],\\"/framework-a41a30b6052f08f79325.js\\":[\\"Cache-Control: public, max-age=31536000, immutable\\"],\\"/commons-c57ec1ecb0a3a896bcbd.js\\":[\\"Cache-Control: public, max-age=31536000, immutable\\"],\\"/polyfill-4718f0fec20e0d09d7f5.js.map\\":[\\"Cache-Control: public, max-age=31536000, immutable\\"],\\"/app-202e78811fb4d1d6d998.js.map\\":[\\"Cache-Control: public, max-age=31536000, immutable\\"],\\"/webpack-runtime-18462e4afe5829a83f1b.js.map\\":[\\"Cache-Control: public, max-age=31536000, immutable\\"],\\"/231-b2d35ff9bb1952aa22d1.js.map\\":[\\"Cache-Control: public, max-age=31536000, immutable\\"],\\"/711-90491aa56de138c82516.js.map\\":[\\"Cache-Control: public, max-age=31536000, immutable\\"],\\"/610-d963273663ee496bfa3a.js.map\\":[\\"Cache-Control: public, max-age=31536000, immutable\\"],\\"/component---src-pages-404-js-d759e3996ab46608f6c5.js.map\\":[\\"Cache-Control: public, max-age=31536000, immutable\\"],\\"/component---src-pages-index-js-26a67c2d54e22240db63.js.map\\":[\\"Cache-Control: public, max-age=31536000, immutable\\"],\\"/component---src-pages-page-2-js-83a32ea3ed36467d8d97.js.map\\":[\\"Cache-Control: public, max-age=31536000, immutable\\"],\\"/component---src-pages-using-ssr-js-e18b033ba44535ce7f46.js.map\\":[\\"Cache-Control: public, max-age=31536000, immutable\\"],\\"/component---src-pages-using-typescript-tsx-d10dd35a93bae22e7132.js.map\\":[\\"Cache-Control: public, max-age=31536000, immutable\\"],\\"/component---src-templates-using-dsg-js-481010e9ba77145ad5d4.js.map\\":[\\"Cache-Control: public, max-age=31536000, immutable\\"],\\"/framework-a41a30b6052f08f79325.js.map\\":[\\"Cache-Control: public, max-age=31536000, immutable\\"],\\"/commons-c57ec1ecb0a3a896bcbd.js.map\\":[\\"Cache-Control: public, max-age=31536000, immutable\\"],\\"/pages-manifest-ab11f09e0ca7ecd3b43e.js\\":[\\"Cache-Control: public, max-age=31536000, immutable\\"],\\"/static/*\\":[\\"Cache-Control: public, max-age=31536000, immutable\\"],\\"/sw.js\\":[\\"Cache-Control: public, max-age=0, must-revalidate\\"]}"`;

exports[`build-headers-program with security headers 1`] = `"{\\"/*\\":[\\"X-XSS-Protection: 1; mode=block\\",\\"X-Content-Type-Options: nosniff\\",\\"Referrer-Policy: same-origin\\",\\"X-Frame-Options: ALLOW-FROM https://app.storyblok.com/\\",\\"Content-Security-Policy: frame-ancestors 'self' https://*.storyblok.com/\\"],\\"/hello\\":[\\"X-Frame-Options: SAMEORIGIN\\"],\\"/styles.457773932d52d28da380.css\\":[\\"Cache-Control: public, max-age=31536000, immutable\\"],\\"/component---src-pages-index-js-26a67c2d54e22240db63.js.LICENSE.txt\\":[\\"Cache-Control: public, max-age=31536000, immutable\\"],\\"/framework-a41a30b6052f08f79325.js.LICENSE.txt\\":[\\"Cache-Control: public, max-age=31536000, immutable\\"],\\"/polyfill-4718f0fec20e0d09d7f5.js\\":[\\"Cache-Control: public, max-age=31536000, immutable\\"],\\"/app-202e78811fb4d1d6d998.js\\":[\\"Cache-Control: public, max-age=31536000, immutable\\"],\\"/webpack-runtime-18462e4afe5829a83f1b.js\\":[\\"Cache-Control: public, max-age=31536000, immutable\\"],\\"/231-b2d35ff9bb1952aa22d1.js\\":[\\"Cache-Control: public, max-age=31536000, immutable\\"],\\"/711-90491aa56de138c82516.js\\":[\\"Cache-Control: public, max-age=31536000, immutable\\"],\\"/610-d963273663ee496bfa3a.js\\":[\\"Cache-Control: public, max-age=31536000, immutable\\"],\\"/component---src-pages-404-js-d759e3996ab46608f6c5.js\\":[\\"Cache-Control: public, max-age=31536000, immutable\\"],\\"/component---src-pages-index-js-26a67c2d54e22240db63.js\\":[\\"Cache-Control: public, max-age=31536000, immutable\\"],\\"/component---src-pages-page-2-js-83a32ea3ed36467d8d97.js\\":[\\"Cache-Control: public, max-age=31536000, immutable\\"],\\"/component---src-pages-using-ssr-js-e18b033ba44535ce7f46.js\\":[\\"Cache-Control: public, max-age=31536000, immutable\\"],\\"/component---src-pages-using-typescript-tsx-d10dd35a93bae22e7132.js\\":[\\"Cache-Control: public, max-age=31536000, immutable\\"],\\"/component---src-templates-using-dsg-js-481010e9ba77145ad5d4.js\\":[\\"Cache-Control: public, max-age=31536000, immutable\\"],\\"/framework-a41a30b6052f08f79325.js\\":[\\"Cache-Control: public, max-age=31536000, immutable\\"],\\"/commons-c57ec1ecb0a3a896bcbd.js\\":[\\"Cache-Control: public, max-age=31536000, immutable\\"],\\"/polyfill-4718f0fec20e0d09d7f5.js.map\\":[\\"Cache-Control: public, max-age=31536000, immutable\\"],\\"/app-202e78811fb4d1d6d998.js.map\\":[\\"Cache-Control: public, max-age=31536000, immutable\\"],\\"/webpack-runtime-18462e4afe5829a83f1b.js.map\\":[\\"Cache-Control: public, max-age=31536000, immutable\\"],\\"/231-b2d35ff9bb1952aa22d1.js.map\\":[\\"Cache-Control: public, max-age=31536000, immutable\\"],\\"/711-90491aa56de138c82516.js.map\\":[\\"Cache-Control: public, max-age=31536000, immutable\\"],\\"/610-d963273663ee496bfa3a.js.map\\":[\\"Cache-Control: public, max-age=31536000, immutable\\"],\\"/component---src-pages-404-js-d759e3996ab46608f6c5.js.map\\":[\\"Cache-Control: public, max-age=31536000, immutable\\"],\\"/component---src-pages-index-js-26a67c2d54e22240db63.js.map\\":[\\"Cache-Control: public, max-age=31536000, immutable\\"],\\"/component---src-pages-page-2-js-83a32ea3ed36467d8d97.js.map\\":[\\"Cache-Control: public, max-age=31536000, immutable\\"],\\"/component---src-pages-using-ssr-js-e18b033ba44535ce7f46.js.map\\":[\\"Cache-Control: public, max-age=31536000, immutable\\"],\\"/component---src-pages-using-typescript-tsx-d10dd35a93bae22e7132.js.map\\":[\\"Cache-Control: public, max-age=31536000, immutable\\"],\\"/component---src-templates-using-dsg-js-481010e9ba77145ad5d4.js.map\\":[\\"Cache-Control: public, max-age=31536000, immutable\\"],\\"/framework-a41a30b6052f08f79325.js.map\\":[\\"Cache-Control: public, max-age=31536000, immutable\\"],\\"/commons-c57ec1ecb0a3a896bcbd.js.map\\":[\\"Cache-Control: public, max-age=31536000, immutable\\"],\\"/static/*\\":[\\"Cache-Control: public, max-age=31536000, immutable\\"],\\"/sw.js\\":[\\"Cache-Control: public, max-age=0, must-revalidate\\"]}"`;

exports[`build-headers-program with security headers in preview mode 1`] = `"{\\"/*\\":[\\"X-XSS-Protection: 1; mode=block\\",\\"X-Content-Type-Options: nosniff\\",\\"Referrer-Policy: same-origin\\"],\\"/styles.457773932d52d28da380.css\\":[\\"Cache-Control: public, max-age=31536000, immutable\\"],\\"/component---src-pages-index-js-26a67c2d54e22240db63.js.LICENSE.txt\\":[\\"Cache-Control: public, max-age=31536000, immutable\\"],\\"/framework-a41a30b6052f08f79325.js.LICENSE.txt\\":[\\"Cache-Control: public, max-age=31536000, immutable\\"],\\"/polyfill-4718f0fec20e0d09d7f5.js\\":[\\"Cache-Control: public, max-age=31536000, immutable\\"],\\"/app-202e78811fb4d1d6d998.js\\":[\\"Cache-Control: public, max-age=31536000, immutable\\"],\\"/webpack-runtime-18462e4afe5829a83f1b.js\\":[\\"Cache-Control: public, max-age=31536000, immutable\\"],\\"/231-b2d35ff9bb1952aa22d1.js\\":[\\"Cache-Control: public, max-age=31536000, immutable\\"],\\"/711-90491aa56de138c82516.js\\":[\\"Cache-Control: public, max-age=31536000, immutable\\"],\\"/610-d963273663ee496bfa3a.js\\":[\\"Cache-Control: public, max-age=31536000, immutable\\"],\\"/component---src-pages-404-js-d759e3996ab46608f6c5.js\\":[\\"Cache-Control: public, max-age=31536000, immutable\\"],\\"/component---src-pages-index-js-26a67c2d54e22240db63.js\\":[\\"Cache-Control: public, max-age=31536000, immutable\\"],\\"/component---src-pages-page-2-js-83a32ea3ed36467d8d97.js\\":[\\"Cache-Control: public, max-age=31536000, immutable\\"],\\"/component---src-pages-using-ssr-js-e18b033ba44535ce7f46.js\\":[\\"Cache-Control: public, max-age=31536000, immutable\\"],\\"/component---src-pages-using-typescript-tsx-d10dd35a93bae22e7132.js\\":[\\"Cache-Control: public, max-age=31536000, immutable\\"],\\"/component---src-templates-using-dsg-js-481010e9ba77145ad5d4.js\\":[\\"Cache-Control: public, max-age=31536000, immutable\\"],\\"/framework-a41a30b6052f08f79325.js\\":[\\"Cache-Control: public, max-age=31536000, immutable\\"],\\"/commons-c57ec1ecb0a3a896bcbd.js\\":[\\"Cache-Control: public, max-age=31536000, immutable\\"],\\"/polyfill-4718f0fec20e0d09d7f5.js.map\\":[\\"Cache-Control: public, max-age=31536000, immutable\\"],\\"/app-202e78811fb4d1d6d998.js.map\\":[\\"Cache-Control: public, max-age=31536000, immutable\\"],\\"/webpack-runtime-18462e4afe5829a83f1b.js.map\\":[\\"Cache-Control: public, max-age=31536000, immutable\\"],\\"/231-b2d35ff9bb1952aa22d1.js.map\\":[\\"Cache-Control: public, max-age=31536000, immutable\\"],\\"/711-90491aa56de138c82516.js.map\\":[\\"Cache-Control: public, max-age=31536000, immutable\\"],\\"/610-d963273663ee496bfa3a.js.map\\":[\\"Cache-Control: public, max-age=31536000, immutable\\"],\\"/component---src-pages-404-js-d759e3996ab46608f6c5.js.map\\":[\\"Cache-Control: public, max-age=31536000, immutable\\"],\\"/component---src-pages-index-js-26a67c2d54e22240db63.js.map\\":[\\"Cache-Control: public, max-age=31536000, immutable\\"],\\"/component---src-pages-page-2-js-83a32ea3ed36467d8d97.js.map\\":[\\"Cache-Control: public, max-age=31536000, immutable\\"],\\"/component---src-pages-using-ssr-js-e18b033ba44535ce7f46.js.map\\":[\\"Cache-Control: public, max-age=31536000, immutable\\"],\\"/component---src-pages-using-typescript-tsx-d10dd35a93bae22e7132.js.map\\":[\\"Cache-Control: public, max-age=31536000, immutable\\"],\\"/component---src-templates-using-dsg-js-481010e9ba77145ad5d4.js.map\\":[\\"Cache-Control: public, max-age=31536000, immutable\\"],\\"/framework-a41a30b6052f08f79325.js.map\\":[\\"Cache-Control: public, max-age=31536000, immutable\\"],\\"/commons-c57ec1ecb0a3a896bcbd.js.map\\":[\\"Cache-Control: public, max-age=31536000, immutable\\"],\\"/static/*\\":[\\"Cache-Control: public, max-age=31536000, immutable\\"],\\"/sw.js\\":[\\"Cache-Control: public, max-age=0, must-revalidate\\"]}"`;

exports[`build-headers-program without caching headers 1`] = `"{\\"/*\\":[\\"X-XSS-Protection: 1; mode=block\\",\\"X-Content-Type-Options: nosniff\\",\\"Referrer-Policy: same-origin\\",\\"X-Frame-Options: DENY\\"]}"`;
