// Jest Snapshot v1, https://goo.gl/fbAQLP

exports[`redux db should write redux cache to disk 1`] = `
Object {
  "components": Map {
    "/Users/username/dev/site/src/templates/my-sweet-new-page.js" => Object {
      "Head": false,
      "componentChunkName": "component---users-username-dev-site-src-templates-my-sweet-new-page-js",
      "componentPath": "/Users/username/dev/site/src/templates/my-sweet-new-page.js",
      "config": false,
      "isInBootstrap": true,
      "isSlice": false,
      "pages": Set {
        "/my-sweet-new-page/",
      },
      "query": "",
      "serverData": false,
    },
  },
  "html": Object {
    "browserCompilationHash": "",
    "pagesThatNeedToStitchSlices": Set {},
    "slicesProps": Object {
      "byPagePath": Map {},
      "bySliceId": Map {},
      "bySliceName": Map {},
    },
    "ssrCompilationHash": "",
    "templateCompilationHashes": Object {},
    "trackedHtmlFiles": Map {
      "/my-sweet-new-page/" => Object {
        "dirty": 2,
        "isDeleted": false,
        "pageDataHash": "",
      },
    },
    "trackedStaticQueryResults": Map {},
    "unsafeBuiltinWasUsedInSSR": false,
  },
  "jobsV2": Object {
    "complete": Map {},
    "incomplete": Map {},
    "jobsByRequest": Map {},
  },
  "nodes": Map {
    "pageA" => Object {
      "id": "pageA",
      "internal": Object {
        "type": "Ding",
      },
    },
    "pageB" => Object {
      "id": "pageB",
      "internal": Object {
        "type": "Dong",
      },
    },
  },
  "nodesByType": Map {
    "Ding" => Map {
      "pageA" => Object {
        "id": "pageA",
        "internal": Object {
          "type": "Ding",
        },
      },
    },
    "Dong" => Map {
      "pageB" => Object {
        "id": "pageB",
        "internal": Object {
          "type": "Dong",
        },
      },
    },
  },
  "pageDataStats": Map {},
  "pages": Map {
    "/my-sweet-new-page/" => Object {
      "component": "/Users/username/dev/site/src/templates/my-sweet-new-page.js",
      "componentChunkName": "component---users-username-dev-site-src-templates-my-sweet-new-page-js",
      "componentPath": "/Users/username/dev/site/src/templates/my-sweet-new-page.js",
      "context": Object {
        "id": "123456",
      },
      "internalComponentName": "Component/my-sweet-new-page/",
      "isCreatedByStatefulCreatePages": false,
      "manifestId": "",
      "matchPath": undefined,
      "mode": "SSG",
      "path": "/my-sweet-new-page/",
      "pluginCreatorId": "",
      "pluginCreator___NODE": "",
      "slices": Object {},
      "updatedAt": 1,
    },
  },
  "pendingPageDataWrites": Object {
    "pagePaths": Set {},
    "sliceNames": Set {},
  },
  "queries": Object {
    "byConnection": Map {},
    "byNode": Map {},
    "deletedQueries": Set {},
    "dirtyQueriesListToEmitViaWebsocket": Array [],
    "queryNodes": Map {},
    "trackedComponents": Map {
      "/Users/username/dev/site/src/templates/my-sweet-new-page.js" => Object {
        "componentPath": "/Users/username/dev/site/src/templates/my-sweet-new-page.js",
        "errors": 0,
        "pages": Set {
          "/my-sweet-new-page/",
        },
        "query": "",
      },
    },
    "trackedQueries": Map {
      "/my-sweet-new-page/" => Object {
        "dirty": 1,
        "running": 0,
      },
    },
  },
  "slices": Map {},
  "slicesByTemplate": Map {},
  "statefulSourcePlugins": Set {},
  "staticQueriesByTemplate": Map {},
  "staticQueryComponents": Map {},
  "status": Object {
    "LAST_NODE_COUNTER": 0,
    "PLUGINS_HASH": "",
    "cdnObfuscatedPrefix": "1234567890",
    "plugins": Object {},
  },
  "typeOwners": Object {
    "pluginsToTypes": Map {},
    "typesToPlugins": Map {},
  },
  "webpackCompilationHash": "",
}
`;
